﻿
   FAIL  Tests\Feature\ClientGuideWorkflowTest
  Γ¿» full clientΓÇª 0.63s  
  ΓöÇΓöÇΓöÇΓöÇΓöÇΓöÇΓöÇΓöÇΓöÇΓöÇΓöÇΓöÇΓöÇΓöÇΓöÇΓöÇΓöÇΓöÇΓöÇΓöÇ  
   FAILED  Tests\FeaΓÇª   
  Expected response status code [201] but received 500.
Failed asserting that 500 is identical to 201.

The following exception occurred during the last request:

PDOException: SQLSTATE[23000]: Integrity constraint violation: 19 NOT NULL constraint failed: ticket_comments.user_id in C:\Users\hp\shipnovo\backend\vendor\laravel\framework\src\Illuminate\Database\Connection.php:584
Stack trace:
#0 C:\Users\hp\shipnovo\backend\vendor\laravel\framework\src\Illuminate\Database\Connection.php(584): PDOStatement->execute()
#1 C:\Users\hp\shipnovo\backend\vendor\laravel\framework\src\Illuminate\Database\Connection.php(827): Illuminate\Database\Connection->Illuminate\Database\{closure}('insert into "ti...', Array)
#2 C:\Users\hp\shipnovo\backend\vendor\laravel\framework\src\Illuminate\Database\Connection.php(794): Illuminate\Database\Connection->runQueryCallback('insert into "ti...', Array, Object(Closure))
#3 C:\Users\hp\shipnovo\backend\vendor\laravel\framework\src\Illuminate\Database\Connection.php(573): Illuminate\Database\Connection->run('insert into "ti...', Array, Object(Closure))
#4 C:\Users\hp\shipnovo\backend\vendor\laravel\framework\src\Illuminate\Database\Connection.php(537): Illuminate\Database\Connection->statement('insert into "ti...', Array)
#5 C:\Users\hp\shipnovo\backend\vendor\laravel\framework\src\Illuminate\Database\Query\Processors\Processor.php(32): Illuminate\Database\Connection->insert('insert into "ti...', Array)
#6 C:\Users\hp\shipnovo\backend\vendor\laravel\framework\src\Illuminate\Database\Query\Builder.php(4140): Illuminate\Database\Query\Processors\Processor->processInsertGetId(Object(Illuminate\Database\Query\Builder), 'insert into "ti...', Array, 'id')
#7 C:\Users\hp\shipnovo\backend\vendor\laravel\framework\src\Illuminate\Database\Eloquent\Builder.php(2235): Illuminate\Database\Query\Builder->insertGetId(Array, 'id')
#8 C:\Users\hp\shipnovo\backend\vendor\laravel\framework\src\Illuminate\Database\Eloquent\Model.php(1436): Illuminate\Database\Eloquent\Builder->__call('insertGetId', Array)
#9 C:\Users\hp\shipnovo\backend\vendor\laravel\framework\src\Illuminate\Database\Eloquent\Model.php(1401): Illuminate\Database\Eloquent\Model->insertAndSetId(Object(Illuminate\Database\Eloquent\Builder), Array)
#10 C:\Users\hp\shipnovo\backend\vendor\laravel\framework\src\Illuminate\Database\Eloquent\Model.php(1240): Illuminate\Database\Eloquent\Model->performInsert(Object(Illuminate\Database\Eloquent\Builder))
#11 C:\Users\hp\shipnovo\backend\vendor\laravel\framework\src\Illuminate\Database\Eloquent\Builder.php(1219): Illuminate\Database\Eloquent\Model->save()
#12 C:\Users\hp\shipnovo\backend\vendor\laravel\framework\src\Illuminate\Support\helpers.php(388): Illuminate\Database\Eloquent\Builder->Illuminate\Database\Eloquent\{closure}(Object(App\Models\TicketComment))
#13 C:\Users\hp\shipnovo\backend\vendor\laravel\framework\src\Illuminate\Database\Eloquent\Builder.php(1218): tap(Object(App\Models\TicketComment), Object(Closure))
#14 C:\Users\hp\shipnovo\backend\vendor\laravel\framework\src\Illuminate\Support\Traits\ForwardsCalls.php(23): Illuminate\Database\Eloquent\Builder->create(Array)
#15 C:\Users\hp\shipnovo\backend\vendor\laravel\framework\src\Illuminate\Database\Eloquent\Model.php(2540): Illuminate\Database\Eloquent\Model->forwardCallTo(Object(Illuminate\Database\Eloquent\Builder), 'create', Array)
#16 C:\Users\hp\shipnovo\backend\vendor\laravel\framework\src\Illuminate\Database\Eloquent\Model.php(2556): Illuminate\Database\Eloquent\Model->__call('create', Array)
#17 C:\Users\hp\shipnovo\backend\app\Services\Support\TicketsService.php(30): Illuminate\Database\Eloquent\Model::__callStatic('create', Array)
#18 C:\Users\hp\shipnovo\backend\app\Http\Controllers\Api\ShipmentController.php(273): App\Services\Support\TicketsService->addComment(Object(App\Models\Ticket), 'We are processi...', 3)
#19 C:\Users\hp\shipnovo\backend\vendor\laravel\framework\src\Illuminate\Routing\ControllerDispatcher.php(46): App\Http\Controllers\Api\ShipmentController->addTicketComment(Object(Illuminate\Http\Request), '1')
#20 C:\Users\hp\shipnovo\backend\vendor\laravel\framework\src\Illuminate\Routing\Route.php(265): Illuminate\Routing\ControllerDispatcher->dispatch(Object(Illuminate\Routing\Route), Object(App\Http\Controllers\Api\ShipmentController), 'addTicketCommen...')
#21 C:\Users\hp\shipnovo\backend\vendor\laravel\framework\src\Illuminate\Routing\Route.php(211): Illuminate\Routing\Route->runController()
#22 C:\Users\hp\shipnovo\backend\vendor\laravel\framework\src\Illuminate\Routing\Router.php(822): Illuminate\Routing\Route->run()
#23 C:\Users\hp\shipnovo\backend\vendor\laravel\framework\src\Illuminate\Pipeline\Pipeline.php(180): Illuminate\Routing\Router->Illuminate\Routing\{closure}(Object(Illuminate\Http\Request))
#24 C:\Users\hp\shipnovo\backend\vendor\laravel\framework\src\Illuminate\Routing\Middleware\SubstituteBindings.php(50): Illuminate\Pipeline\Pipeline->Illuminate\Pipeline\{closure}(Object(Illuminate\Http\Request))
#25 C:\Users\hp\shipnovo\backend\vendor\laravel\framework\src\Illuminate\Pipeline\Pipeline.php(219): Illuminate\Routing\Middleware\SubstituteBindings->handle(Object(Illuminate\Http\Request), Object(Closure))
#26 C:\Users\hp\shipnovo\backend\vendor\laravel\framework\src\Illuminate\Auth\Middleware\Authenticate.php(63): Illuminate\Pipeline\Pipeline->Illuminate\Pipeline\{closure}(Object(Illuminate\Http\Request))
#27 C:\Users\hp\shipnovo\backend\vendor\laravel\framework\src\Illuminate\Pipeline\Pipeline.php(219): Illuminate\Auth\Middleware\Authenticate->handle(Object(Illuminate\Http\Request), Object(Closure), 'sanctum')
#28 C:\Users\hp\shipnovo\backend\vendor\laravel\framework\src\Illuminate\Pipeline\Pipeline.php(137): Illuminate\Pipeline\Pipeline->Illuminate\Pipeline\{closure}(Object(Illuminate\Http\Request))
#29 C:\Users\hp\shipnovo\backend\vendor\laravel\framework\src\Illuminate\Routing\Router.php(821): Illuminate\Pipeline\Pipeline->then(Object(Closure))
#30 C:\Users\hp\shipnovo\backend\vendor\laravel\framework\src\Illuminate\Routing\Router.php(800): Illuminate\Routing\Router->runRouteWithinStack(Object(Illuminate\Routing\Route), Object(Illuminate\Http\Request))
#31 C:\Users\hp\shipnovo\backend\vendor\laravel\framework\src\Illuminate\Routing\Router.php(764): Illuminate\Routing\Router->runRoute(Object(Illuminate\Http\Request), Object(Illuminate\Routing\Route))
#32 C:\Users\hp\shipnovo\backend\vendor\laravel\framework\src\Illuminate\Routing\Router.php(753): Illuminate\Routing\Router->dispatchToRoute(Object(Illuminate\Http\Request))
#33 C:\Users\hp\shipnovo\backend\vendor\laravel\framework\src\Illuminate\Foundation\Http\Kernel.php(200): Illuminate\Routing\Router->dispatch(Object(Illuminate\Http\Request))
#34 C:\Users\hp\shipnovo\backend\vendor\laravel\framework\src\Illuminate\Pipeline\Pipeline.php(180): Illuminate\Foundation\Http\Kernel->Illuminate\Foundation\Http\{closure}(Object(Illuminate\Http\Request))
#35 C:\Users\hp\shipnovo\backend\vendor\laravel\framework\src\Illuminate\Foundation\Http\Middleware\TransformsRequest.php(21): Illuminate\Pipeline\Pipeline->Illuminate\Pipeline\{closure}(Object(Illuminate\Http\Request))
#36 C:\Users\hp\shipnovo\backend\vendor\laravel\framework\src\Illuminate\Foundation\Http\Middleware\ConvertEmptyStringsToNull.php(31): Illuminate\Foundation\Http\Middleware\TransformsRequest->handle(Object(Illuminate\Http\Request), Object(Closure))
#37 C:\Users\hp\shipnovo\backend\vendor\laravel\framework\src\Illuminate\Pipeline\Pipeline.php(219): Illuminate\Foundation\Http\Middleware\ConvertEmptyStringsToNull->handle(Object(Illuminate\Http\Request), Object(Closure))
#38 C:\Users\hp\shipnovo\backend\vendor\laravel\framework\src\Illuminate\Foundation\Http\Middleware\TransformsRequest.php(21): Illuminate\Pipeline\Pipeline->Illuminate\Pipeline\{closure}(Object(Illuminate\Http\Request))
#39 C:\Users\hp\shipnovo\backend\vendor\laravel\framework\src\Illuminate\Foundation\Http\Middleware\TrimStrings.php(51): Illuminate\Foundation\Http\Middleware\TransformsRequest->handle(Object(Illuminate\Http\Request), Object(Closure))
#40 C:\Users\hp\shipnovo\backend\vendor\laravel\framework\src\Illuminate\Pipeline\Pipeline.php(219): Illuminate\Foundation\Http\Middleware\TrimStrings->handle(Object(Illuminate\Http\Request), Object(Closure))
#41 C:\Users\hp\shipnovo\backend\vendor\laravel\framework\src\Illuminate\Http\Middleware\ValidatePostSize.php(27): Illuminate\Pipeline\Pipeline->Illuminate\Pipeline\{closure}(Object(Illuminate\Http\Request))
#42 C:\Users\hp\shipnovo\backend\vendor\laravel\framework\src\Illuminate\Pipeline\Pipeline.php(219): Illuminate\Http\Middleware\ValidatePostSize->handle(Object(Illuminate\Http\Request), Object(Closure))
#43 C:\Users\hp\shipnovo\backend\vendor\laravel\framework\src\Illuminate\Foundation\Http\Middleware\PreventRequestsDuringMaintenance.php(109): Illuminate\Pipeline\Pipeline->Illuminate\Pipeline\{closure}(Object(Illuminate\Http\Request))
#44 C:\Users\hp\shipnovo\backend\vendor\laravel\framework\src\Illuminate\Pipeline\Pipeline.php(219): Illuminate\Foundation\Http\Middleware\PreventRequestsDuringMaintenance->handle(Object(Illuminate\Http\Request), Object(Closure))
#45 C:\Users\hp\shipnovo\backend\vendor\laravel\framework\src\Illuminate\Http\Middleware\HandleCors.php(74): Illuminate\Pipeline\Pipeline->Illuminate\Pipeline\{closure}(Object(Illuminate\Http\Request))
#46 C:\Users\hp\shipnovo\backend\vendor\laravel\framework\src\Illuminate\Pipeline\Pipeline.php(219): Illuminate\Http\Middleware\HandleCors->handle(Object(Illuminate\Http\Request), Object(Closure))
#47 C:\Users\hp\shipnovo\backend\vendor\laravel\framework\src\Illuminate\Http\Middleware\TrustProxies.php(58): Illuminate\Pipeline\Pipeline->Illuminate\Pipeline\{closure}(Object(Illuminate\Http\Request))
#48 C:\Users\hp\shipnovo\backend\vendor\laravel\framework\src\Illuminate\Pipeline\Pipeline.php(219): Illuminate\Http\Middleware\TrustProxies->handle(Object(Illuminate\Http\Request), Object(Closure))
#49 C:\Users\hp\shipnovo\backend\vendor\laravel\framework\src\Illuminate\Foundation\Http\Middleware\InvokeDeferredCallbacks.php(22): Illuminate\Pipeline\Pipeline->Illuminate\Pipeline\{closure}(Object(Illuminate\Http\Request))
#50 C:\Users\hp\shipnovo\backend\vendor\laravel\framework\src\Illuminate\Pipeline\Pipeline.php(219): Illuminate\Foundation\Http\Middleware\InvokeDeferredCallbacks->handle(Object(Illuminate\Http\Request), Object(Closure))
#51 C:\Users\hp\shipnovo\backend\vendor\laravel\framework\src\Illuminate\Http\Middleware\ValidatePathEncoding.php(26): Illuminate\Pipeline\Pipeline->Illuminate\Pipeline\{closure}(Object(Illuminate\Http\Request))
#52 C:\Users\hp\shipnovo\backend\vendor\laravel\framework\src\Illuminate\Pipeline\Pipeline.php(219): Illuminate\Http\Middleware\ValidatePathEncoding->handle(Object(Illuminate\Http\Request), Object(Closure))
#53 C:\Users\hp\shipnovo\backend\vendor\laravel\framework\src\Illuminate\Pipeline\Pipeline.php(137): Illuminate\Pipeline\Pipeline->Illuminate\Pipeline\{closure}(Object(Illuminate\Http\Request))
#54 C:\Users\hp\shipnovo\backend\vendor\laravel\framework\src\Illuminate\Foundation\Http\Kernel.php(175): Illuminate\Pipeline\Pipeline->then(Object(Closure))
#55 C:\Users\hp\shipnovo\backend\vendor\laravel\framework\src\Illuminate\Foundation\Http\Kernel.php(144): Illuminate\Foundation\Http\Kernel->sendRequestThroughRouter(Object(Illuminate\Http\Request))
#56 C:\Users\hp\shipnovo\backend\vendor\laravel\framework\src\Illuminate\Foundation\Testing\Concerns\MakesHttpRequests.php(607): Illuminate\Foundation\Http\Kernel->handle(Object(Illuminate\Http\Request))
#57 C:\Users\hp\shipnovo\backend\vendor\laravel\framework\src\Illuminate\Foundation\Testing\Concerns\MakesHttpRequests.php(573): Illuminate\Foundation\Testing\TestCase->call('POST', '/api/tickets/1/...', Array, Array, Array, Array, '{"body":"We are...')
#58 C:\Users\hp\shipnovo\backend\vendor\laravel\framework\src\Illuminate\Foundation\Testing\Concerns\MakesHttpRequests.php(411): Illuminate\Foundation\Testing\TestCase->json('POST', '/api/tickets/1/...', Array, Array, 0)
#59 C:\Users\hp\shipnovo\backend\tests\Feature\ClientGuideWorkflowTest.php(97): Illuminate\Foundation\Testing\TestCase->postJson('/api/tickets/1/...', Array)
#60 C:\Users\hp\shipnovo\backend\vendor\phpunit\phpunit\src\Framework\TestCase.php(1667): Tests\Feature\ClientGuideWorkflowTest->test_full_client_guide_workflow()
#61 C:\Users\hp\shipnovo\backend\vendor\phpunit\phpunit\src\Framework\TestCase.php(519): PHPUnit\Framework\TestCase->runTest()
#62 C:\Users\hp\shipnovo\backend\vendor\phpunit\phpunit\src\Framework\TestRunner\TestRunner.php(87): PHPUnit\Framework\TestCase->runBare()
#63 C:\Users\hp\shipnovo\backend\vendor\phpunit\phpunit\src\Framework\TestCase.php(365): PHPUnit\Framework\TestRunner->run(Object(Tests\Feature\ClientGuideWorkflowTest))
#64 C:\Users\hp\shipnovo\backend\vendor\phpunit\phpunit\src\Framework\TestSuite.php(369): PHPUnit\Framework\TestCase->run()
#65 C:\Users\hp\shipnovo\backend\vendor\phpunit\phpunit\src\Framework\TestSuite.php(369): PHPUnit\Framework\TestSuite->run()
#66 C:\Users\hp\shipnovo\backend\vendor\phpunit\phpunit\src\Framework\TestSuite.php(369): PHPUnit\Framework\TestSuite->run()
#67 C:\Users\hp\shipnovo\backend\vendor\phpunit\phpunit\src\TextUI\TestRunner.php(64): PHPUnit\Framework\TestSuite->run()
#68 C:\Users\hp\shipnovo\backend\vendor\phpunit\phpunit\src\TextUI\Application.php(211): PHPUnit\TextUI\TestRunner->run(Object(PHPUnit\TextUI\Configuration\Configuration), Object(PHPUnit\Runner\ResultCache\DefaultResultCache), Object(PHPUnit\Framework\TestSuite))
#69 C:\Users\hp\shipnovo\backend\vendor\phpunit\phpunit\phpunit(104): PHPUnit\TextUI\Application->run(Array)
#70 {main}

Next Illuminate\Database\QueryException: SQLSTATE[23000]: Integrity constraint violation: 19 NOT NULL constraint failed: ticket_comments.user_id (Connection: sqlite, Database: :memory:, SQL: insert into "ticket_comments" ("ticket_id", "updated_at", "created_at") values (1, 2026-03-05 22:10:00, 2026-03-05 22:10:00)) in C:\Users\hp\shipnovo\backend\vendor\laravel\framework\src\Illuminate\Database\Connection.php:838
Stack trace:
#0 C:\Users\hp\shipnovo\backend\vendor\laravel\framework\src\Illuminate\Database\Connection.php(794): Illuminate\Database\Connection->runQueryCallback('insert into "ti...', Array, Object(Closure))
#1 C:\Users\hp\shipnovo\backend\vendor\laravel\framework\src\Illuminate\Database\Connection.php(573): Illuminate\Database\Connection->run('insert into "ti...', Array, Object(Closure))
#2 C:\Users\hp\shipnovo\backend\vendor\laravel\framework\src\Illuminate\Database\Connection.php(537): Illuminate\Database\Connection->statement('insert into "ti...', Array)
#3 C:\Users\hp\shipnovo\backend\vendor\laravel\framework\src\Illuminate\Database\Query\Processors\Processor.php(32): Illuminate\Database\Connection->insert('insert into "ti...', Array)
#4 C:\Users\hp\shipnovo\backend\vendor\laravel\framework\src\Illuminate\Database\Query\Builder.php(4140): Illuminate\Database\Query\Processors\Processor->processInsertGetId(Object(Illuminate\Database\Query\Builder), 'insert into "ti...', Array, 'id')
#5 C:\Users\hp\shipnovo\backend\vendor\laravel\framework\src\Illuminate\Database\Eloquent\Builder.php(2235): Illuminate\Database\Query\Builder->insertGetId(Array, 'id')
#6 C:\Users\hp\shipnovo\backend\vendor\laravel\framework\src\Illuminate\Database\Eloquent\Model.php(1436): Illuminate\Database\Eloquent\Builder->__call('insertGetId', Array)
#7 C:\Users\hp\shipnovo\backend\vendor\laravel\framework\src\Illuminate\Database\Eloquent\Model.php(1401): Illuminate\Database\Eloquent\Model->insertAndSetId(Object(Illuminate\Database\Eloquent\Builder), Array)
#8 C:\Users\hp\shipnovo\backend\vendor\laravel\framework\src\Illuminate\Database\Eloquent\Model.php(1240): Illuminate\Database\Eloquent\Model->performInsert(Object(Illuminate\Database\Eloquent\Builder))
#9 C:\Users\hp\shipnovo\backend\vendor\laravel\framework\src\Illuminate\Database\Eloquent\Builder.php(1219): Illuminate\Database\Eloquent\Model->save()
#10 C:\Users\hp\shipnovo\backend\vendor\laravel\framework\src\Illuminate\Support\helpers.php(388): Illuminate\Database\Eloquent\Builder->Illuminate\Database\Eloquent\{closure}(Object(App\Models\TicketComment))
#11 C:\Users\hp\shipnovo\backend\vendor\laravel\framework\src\Illuminate\Database\Eloquent\Builder.php(1218): tap(Object(App\Models\TicketComment), Object(Closure))
#12 C:\Users\hp\shipnovo\backend\vendor\laravel\framework\src\Illuminate\Support\Traits\ForwardsCalls.php(23): Illuminate\Database\Eloquent\Builder->create(Array)
#13 C:\Users\hp\shipnovo\backend\vendor\laravel\framework\src\Illuminate\Database\Eloquent\Model.php(2540): Illuminate\Database\Eloquent\Model->forwardCallTo(Object(Illuminate\Database\Eloquent\Builder), 'create', Array)
#14 C:\Users\hp\shipnovo\backend\vendor\laravel\framework\src\Illuminate\Database\Eloquent\Model.php(2556): Illuminate\Database\Eloquent\Model->__call('create', Array)
#15 C:\Users\hp\shipnovo\backend\app\Services\Support\TicketsService.php(30): Illuminate\Database\Eloquent\Model::__callStatic('create', Array)
#16 C:\Users\hp\shipnovo\backend\app\Http\Controllers\Api\ShipmentController.php(273): App\Services\Support\TicketsService->addComment(Object(App\Models\Ticket), 'We are processi...', 3)
#17 C:\Users\hp\shipnovo\backend\vendor\laravel\framework\src\Illuminate\Routing\ControllerDispatcher.php(46): App\Http\Controllers\Api\ShipmentController->addTicketComment(Object(Illuminate\Http\Request), '1')
#18 C:\Users\hp\shipnovo\backend\vendor\laravel\framework\src\Illuminate\Routing\Route.php(265): Illuminate\Routing\ControllerDispatcher->dispatch(Object(Illuminate\Routing\Route), Object(App\Http\Controllers\Api\ShipmentController), 'addTicketCommen...')
#19 C:\Users\hp\shipnovo\backend\vendor\laravel\framework\src\Illuminate\Routing\Route.php(211): Illuminate\Routing\Route->runController()
#20 C:\Users\hp\shipnovo\backend\vendor\laravel\framework\src\Illuminate\Routing\Router.php(822): Illuminate\Routing\Route->run()
#21 C:\Users\hp\shipnovo\backend\vendor\laravel\framework\src\Illuminate\Pipeline\Pipeline.php(180): Illuminate\Routing\Router->Illuminate\Routing\{closure}(Object(Illuminate\Http\Request))
#22 C:\Users\hp\shipnovo\backend\vendor\laravel\framework\src\Illuminate\Routing\Middleware\SubstituteBindings.php(50): Illuminate\Pipeline\Pipeline->Illuminate\Pipeline\{closure}(Object(Illuminate\Http\Request))
#23 C:\Users\hp\shipnovo\backend\vendor\laravel\framework\src\Illuminate\Pipeline\Pipeline.php(219): Illuminate\Routing\Middleware\SubstituteBindings->handle(Object(Illuminate\Http\Request), Object(Closure))
#24 C:\Users\hp\shipnovo\backend\vendor\laravel\framework\src\Illuminate\Auth\Middleware\Authenticate.php(63): Illuminate\Pipeline\Pipeline->Illuminate\Pipeline\{closure}(Object(Illuminate\Http\Request))
#25 C:\Users\hp\shipnovo\backend\vendor\laravel\framework\src\Illuminate\Pipeline\Pipeline.php(219): Illuminate\Auth\Middleware\Authenticate->handle(Object(Illuminate\Http\Request), Object(Closure), 'sanctum')
#26 C:\Users\hp\shipnovo\backend\vendor\laravel\framework\src\Illuminate\Pipeline\Pipeline.php(137): Illuminate\Pipeline\Pipeline->Illuminate\Pipeline\{closure}(Object(Illuminate\Http\Request))
#27 C:\Users\hp\shipnovo\backend\vendor\laravel\framework\src\Illuminate\Routing\Router.php(821): Illuminate\Pipeline\Pipeline->then(Object(Closure))
#28 C:\Users\hp\shipnovo\backend\vendor\laravel\framework\src\Illuminate\Routing\Router.php(800): Illuminate\Routing\Router->runRouteWithinStack(Object(Illuminate\Routing\Route), Object(Illuminate\Http\Request))
#29 C:\Users\hp\shipnovo\backend\vendor\laravel\framework\src\Illuminate\Routing\Router.php(764): Illuminate\Routing\Router->runRoute(Object(Illuminate\Http\Request), Object(Illuminate\Routing\Route))
#30 C:\Users\hp\shipnovo\backend\vendor\laravel\framework\src\Illuminate\Routing\Router.php(753): Illuminate\Routing\Router->dispatchToRoute(Object(Illuminate\Http\Request))
#31 C:\Users\hp\shipnovo\backend\vendor\laravel\framework\src\Illuminate\Foundation\Http\Kernel.php(200): Illuminate\Routing\Router->dispatch(Object(Illuminate\Http\Request))
#32 C:\Users\hp\shipnovo\backend\vendor\laravel\framework\src\Illuminate\Pipeline\Pipeline.php(180): Illuminate\Foundation\Http\Kernel->Illuminate\Foundation\Http\{closure}(Object(Illuminate\Http\Request))
#33 C:\Users\hp\shipnovo\backend\vendor\laravel\framework\src\Illuminate\Foundation\Http\Middleware\TransformsRequest.php(21): Illuminate\Pipeline\Pipeline->Illuminate\Pipeline\{closure}(Object(Illuminate\Http\Request))
#34 C:\Users\hp\shipnovo\backend\vendor\laravel\framework\src\Illuminate\Foundation\Http\Middleware\ConvertEmptyStringsToNull.php(31): Illuminate\Foundation\Http\Middleware\TransformsRequest->handle(Object(Illuminate\Http\Request), Object(Closure))
#35 C:\Users\hp\shipnovo\backend\vendor\laravel\framework\src\Illuminate\Pipeline\Pipeline.php(219): Illuminate\Foundation\Http\Middleware\ConvertEmptyStringsToNull->handle(Object(Illuminate\Http\Request), Object(Closure))
#36 C:\Users\hp\shipnovo\backend\vendor\laravel\framework\src\Illuminate\Foundation\Http\Middleware\TransformsRequest.php(21): Illuminate\Pipeline\Pipeline->Illuminate\Pipeline\{closure}(Object(Illuminate\Http\Request))
#37 C:\Users\hp\shipnovo\backend\vendor\laravel\framework\src\Illuminate\Foundation\Http\Middleware\TrimStrings.php(51): Illuminate\Foundation\Http\Middleware\TransformsRequest->handle(Object(Illuminate\Http\Request), Object(Closure))
#38 C:\Users\hp\shipnovo\backend\vendor\laravel\framework\src\Illuminate\Pipeline\Pipeline.php(219): Illuminate\Foundation\Http\Middleware\TrimStrings->handle(Object(Illuminate\Http\Request), Object(Closure))
#39 C:\Users\hp\shipnovo\backend\vendor\laravel\framework\src\Illuminate\Http\Middleware\ValidatePostSize.php(27): Illuminate\Pipeline\Pipeline->Illuminate\Pipeline\{closure}(Object(Illuminate\Http\Request))
#40 C:\Users\hp\shipnovo\backend\vendor\laravel\framework\src\Illuminate\Pipeline\Pipeline.php(219): Illuminate\Http\Middleware\ValidatePostSize->handle(Object(Illuminate\Http\Request), Object(Closure))
#41 C:\Users\hp\shipnovo\backend\vendor\laravel\framework\src\Illuminate\Foundation\Http\Middleware\PreventRequestsDuringMaintenance.php(109): Illuminate\Pipeline\Pipeline->Illuminate\Pipeline\{closure}(Object(Illuminate\Http\Request))
#42 C:\Users\hp\shipnovo\backend\vendor\laravel\framework\src\Illuminate\Pipeline\Pipeline.php(219): Illuminate\Foundation\Http\Middleware\PreventRequestsDuringMaintenance->handle(Object(Illuminate\Http\Request), Object(Closure))
#43 C:\Users\hp\shipnovo\backend\vendor\laravel\framework\src\Illuminate\Http\Middleware\HandleCors.php(74): Illuminate\Pipeline\Pipeline->Illuminate\Pipeline\{closure}(Object(Illuminate\Http\Request))
#44 C:\Users\hp\shipnovo\backend\vendor\laravel\framework\src\Illuminate\Pipeline\Pipeline.php(219): Illuminate\Http\Middleware\HandleCors->handle(Object(Illuminate\Http\Request), Object(Closure))
#45 C:\Users\hp\shipnovo\backend\vendor\laravel\framework\src\Illuminate\Http\Middleware\TrustProxies.php(58): Illuminate\Pipeline\Pipeline->Illuminate\Pipeline\{closure}(Object(Illuminate\Http\Request))
#46 C:\Users\hp\shipnovo\backend\vendor\laravel\framework\src\Illuminate\Pipeline\Pipeline.php(219): Illuminate\Http\Middleware\TrustProxies->handle(Object(Illuminate\Http\Request), Object(Closure))
#47 C:\Users\hp\shipnovo\backend\vendor\laravel\framework\src\Illuminate\Foundation\Http\Middleware\InvokeDeferredCallbacks.php(22): Illuminate\Pipeline\Pipeline->Illuminate\Pipeline\{closure}(Object(Illuminate\Http\Request))
#48 C:\Users\hp\shipnovo\backend\vendor\laravel\framework\src\Illuminate\Pipeline\Pipeline.php(219): Illuminate\Foundation\Http\Middleware\InvokeDeferredCallbacks->handle(Object(Illuminate\Http\Request), Object(Closure))
#49 C:\Users\hp\shipnovo\backend\vendor\laravel\framework\src\Illuminate\Http\Middleware\ValidatePathEncoding.php(26): Illuminate\Pipeline\Pipeline->Illuminate\Pipeline\{closure}(Object(Illuminate\Http\Request))
#50 C:\Users\hp\shipnovo\backend\vendor\laravel\framework\src\Illuminate\Pipeline\Pipeline.php(219): Illuminate\Http\Middleware\ValidatePathEncoding->handle(Object(Illuminate\Http\Request), Object(Closure))
#51 C:\Users\hp\shipnovo\backend\vendor\laravel\framework\src\Illuminate\Pipeline\Pipeline.php(137): Illuminate\Pipeline\Pipeline->Illuminate\Pipeline\{closure}(Object(Illuminate\Http\Request))
#52 C:\Users\hp\shipnovo\backend\vendor\laravel\framework\src\Illuminate\Foundation\Http\Kernel.php(175): Illuminate\Pipeline\Pipeline->then(Object(Closure))
#53 C:\Users\hp\shipnovo\backend\vendor\laravel\framework\src\Illuminate\Foundation\Http\Kernel.php(144): Illuminate\Foundation\Http\Kernel->sendRequestThroughRouter(Object(Illuminate\Http\Request))
#54 C:\Users\hp\shipnovo\backend\vendor\laravel\framework\src\Illuminate\Foundation\Testing\Concerns\MakesHttpRequests.php(607): Illuminate\Foundation\Http\Kernel->handle(Object(Illuminate\Http\Request))
#55 C:\Users\hp\shipnovo\backend\vendor\laravel\framework\src\Illuminate\Foundation\Testing\Concerns\MakesHttpRequests.php(573): Illuminate\Foundation\Testing\TestCase->call('POST', '/api/tickets/1/...', Array, Array, Array, Array, '{"body":"We are...')
#56 C:\Users\hp\shipnovo\backend\vendor\laravel\framework\src\Illuminate\Foundation\Testing\Concerns\MakesHttpRequests.php(411): Illuminate\Foundation\Testing\TestCase->json('POST', '/api/tickets/1/...', Array, Array, 0)
#57 C:\Users\hp\shipnovo\backend\tests\Feature\ClientGuideWorkflowTest.php(97): Illuminate\Foundation\Testing\TestCase->postJson('/api/tickets/1/...', Array)
#58 C:\Users\hp\shipnovo\backend\vendor\phpunit\phpunit\src\Framework\TestCase.php(1667): Tests\Feature\ClientGuideWorkflowTest->test_full_client_guide_workflow()
#59 C:\Users\hp\shipnovo\backend\vendor\phpunit\phpunit\src\Framework\TestCase.php(519): PHPUnit\Framework\TestCase->runTest()
#60 C:\Users\hp\shipnovo\backend\vendor\phpunit\phpunit\src\Framework\TestRunner\TestRunner.php(87): PHPUnit\Framework\TestCase->runBare()
#61 C:\Users\hp\shipnovo\backend\vendor\phpunit\phpunit\src\Framework\TestCase.php(365): PHPUnit\Framework\TestRunner->run(Object(Tests\Feature\ClientGuideWorkflowTest))
#62 C:\Users\hp\shipnovo\backend\vendor\phpunit\phpunit\src\Framework\TestSuite.php(369): PHPUnit\Framework\TestCase->run()
#63 C:\Users\hp\shipnovo\backend\vendor\phpunit\phpunit\src\Framework\TestSuite.php(369): PHPUnit\Framework\TestSuite->run()
#64 C:\Users\hp\shipnovo\backend\vendor\phpunit\phpunit\src\Framework\TestSuite.php(369): PHPUnit\Framework\TestSuite->run()
#65 C:\Users\hp\shipnovo\backend\vendor\phpunit\phpunit\src\TextUI\TestRunner.php(64): PHPUnit\Framework\TestSuite->run()
#66 C:\Users\hp\shipnovo\backend\vendor\phpunit\phpunit\src\TextUI\Application.php(211): PHPUnit\TextUI\TestRunner->run(Object(PHPUnit\TextUI\Configuration\Configuration), Object(PHPUnit\Runner\ResultCache\DefaultResultCache), Object(PHPUnit\Framework\TestSuite))
#67 C:\Users\hp\shipnovo\backend\vendor\phpunit\phpunit\phpunit(104): PHPUnit\TextUI\Application->run(Array)
#68 {main}

----------------------------------------------------------------------------------

SQLSTATE[23000]: Integrity constraint violation: 19 NOT NULL constraint failed: ticket_comments.user_id (Connection: sqlite, Database: :memory:, SQL: insert into "ticket_comments" ("ticket_id", "updated_at", "created_at") values (1, 2026-03-05 22:10:00, 2026-03-05 22:10:00))

  at tests\Feature\ClientGuideWorkflowTest.php:100
     96Γûò         $response = $this->actingAs($ops, 'sanctum')
     97Γûò             ->postJson("/api/tickets/{$ticketId}/comments", [
     98Γûò                 'body' => 'We are processing the documents. Will update you shortly.',
     99Γûò             ]);
  Γ₧£ 100Γûò         $response->assertStatus(201);
    101Γûò 
    102Γûò         // 10. [Documents] Partner uploads a document
    103Γûò         $file = UploadedFile::fake()->create('bol.pdf', 100);
    104Γûò         $response = $this->actingAs($partnerUser, 'sanctum')


  Tests:    1 failed (9 assertions)
  Duration: 0.78s

